[backblue.gif]
[fade.gif]
[index.html]
[www.cs.vsb.cz/jancar/TEORET-INF/ANIMACE/Sadil/index.html]
[www.cs.vsb.cz/jancar/TEORET-INF/ANIMACE/Sadil/html/up.htm]
[www.cs.vsb.cz/jancar/TEORET-INF/ANIMACE/Sadil/html/menu.htm]
[www.cs.vsb.cz/jancar/TEORET-INF/ANIMACE/Sadil/html/uvod.htm]
[www.cs.vsb.cz/jancar/TEORET-INF/ANIMACE/Sadil/html/ekvivalence.htm]
[www.cs.vsb.cz/jancar/TEORET-INF/ANIMACE/Sadil/html/nerod_uvod.htm]
[www.cs.vsb.cz/jancar/TEORET-INF/ANIMACE/Sadil/html/nerod_kong.htm]
[www.cs.vsb.cz/jancar/TEORET-INF/ANIMACE/Sadil/html/nerod_nero.htm]
[www.cs.vsb.cz/jancar/TEORET-INF/ANIMACE/Sadil/html/nerod_appl.htm]
[www.cs.vsb.cz/jancar/TEORET-INF/ANIMACE/Sadil/html/pump_uvod.htm]
[www.cs.vsb.cz/jancar/TEORET-INF/ANIMACE/Sadil/html/pump_pump.htm]
[www.cs.vsb.cz/jancar/TEORET-INF/ANIMACE/Sadil/html/pump_post.htm]
[www.cs.vsb.cz/jancar/TEORET-INF/ANIMACE/Sadil/pictures/jazyk.jpg]
[www.cs.vsb.cz/jancar/TEORET-INF/ANIMACE/Sadil/html/pump_appl.htm]
[www.cs.vsb.cz/jancar/TEORET-INF/ANIMACE/Sadil/pictures/jazykL2.jpg]
[www.cs.vsb.cz/jancar/TEORET-INF/ANIMACE/Sadil/pictures/ekvivalence.jpg]
[www.cs.vsb.cz/jancar/TEORET-INF/ANIMACE/Sadil/flash/ekvivalence_n.swf]
[www.cs.vsb.cz/jancar/TEORET-INF/ANIMACE/Sadil/flash/ekvivalence_k.swf]
[www.cs.vsb.cz/jancar/TEORET-INF/ANIMACE/Sadil/pictures/flash.jpg]
[www.cs.vsb.cz/jancar/TEORET-INF/ANIMACE/Sadil/pictures/automat.jpg]
[www.cs.vsb.cz/jancar/TEORET-INF/ANIMACE/Sadil/pictures/tridy.jpg]
[www.cs.vsb.cz/jancar/TEORET-INF/ANIMACE/Sadil/flash/ekv_stej_stavu.swf]
[www.cs.vsb.cz/jancar/TEORET-INF/ANIMACE/Sadil/flash/kongruence.swf]
[www.cs.vsb.cz/jancar/TEORET-INF/ANIMACE/Sadil/flash/kongruence2.swf]
[www.cs.vsb.cz/jancar/TEORET-INF/ANIMACE/Sadil/flash/nerod_pr1.swf]
[www.cs.vsb.cz/jancar/TEORET-INF/ANIMACE/Sadil/flash/nerod_pr2.swf]
[www.cs.vsb.cz/jancar/TEORET-INF/ANIMACE/Sadil/pictures/automat2.jpg]
[www.cs.vsb.cz/jancar/TEORET-INF/ANIMACE/Sadil/pictures/pump2.jpg]
[www.cs.vsb.cz/jancar/TEORET-INF/ANIMACE/Sadil/pictures/abbab.jpg]
[www.cs.vsb.cz/jancar/TEORET-INF/ANIMACE/Sadil/pictures/pump1.jpg]
[www.cs.vsb.cz/jancar/TEORET-INF/ANIMACE/Sadil/flash/pumping_lemma.swf]
[www.cs.vsb.cz/jancar/TEORET-INF/ANIMACE/Sadil/flash/pump_pr1.swf]
[www.cs.vsb.cz/jancar/TEORET-INF/ANIMACE/Sadil/flash/pump_pr1-2.swf]
[www.cs.vsb.cz/jancar/TEORET-INF/ANIMACE/Sadil/flash/pump_pr2.swf]
[www.cs.vsb.cz/jancar/TEORET-INF/ANIMACE/Sadil/flash/pump_pr3.swf]
[www.cs.vsb.cz/jancar/TEORET-INF/ANIMACE/Sadil/flash/pump_pr4.swf]
[www.cs.vsb.cz/jancar/TEORET-INF/ANIMACE/Sadil/pictures/jazyk.jpg]
